// Jest Snapshot v1, https://goo.gl/fbAQLP

exports[`PowerOutputChart component matches snapshot 1`] = `
<div
  data-testid="powerOutputChart"
>
  <div
    className="recharts-wrapper"
    onMouseEnter={[Function]}
    onMouseLeave={[Function]}
    onMouseMove={[Function]}
    onTouchEnd={[Function]}
    onTouchMove={[Function]}
    onTouchStart={[Function]}
    style={
      Object {
        "cursor": "default",
        "height": 700,
        "position": "relative",
        "width": 1700,
      }
    }
  >
    <svg
      className="recharts-surface"
      height={700}
      version="1.1"
      viewBox="0 0 1700 700"
      width={1700}
    >
      <defs>
        <clipPath
          id="recharts3-clip"
        >
          <rect
            height={660}
            width={1590}
            x={80}
            y={5}
          />
        </clipPath>
      </defs>
      <g
        className="recharts-cartesian-grid"
      >
        <g
          className="recharts-cartesian-grid-horizontal"
        >
          <line
            fill="none"
            height={660}
            offset={
              Object {
                "bottom": 35,
                "brushBottom": 35,
                "height": 660,
                "left": 80,
                "right": 30,
                "top": 5,
                "width": 1590,
              }
            }
            stroke="#ccc"
            width={1590}
            x={80}
            x1={80}
            x2={1670}
            y={5}
            y1={665}
            y2={665}
          />
          <line
            fill="none"
            height={660}
            offset={
              Object {
                "bottom": 35,
                "brushBottom": 35,
                "height": 660,
                "left": 80,
                "right": 30,
                "top": 5,
                "width": 1590,
              }
            }
            stroke="#ccc"
            width={1590}
            x={80}
            x1={80}
            x2={1670}
            y={5}
            y1={500}
            y2={500}
          />
          <line
            fill="none"
            height={660}
            offset={
              Object {
                "bottom": 35,
                "brushBottom": 35,
                "height": 660,
                "left": 80,
                "right": 30,
                "top": 5,
                "width": 1590,
              }
            }
            stroke="#ccc"
            width={1590}
            x={80}
            x1={80}
            x2={1670}
            y={5}
            y1={335}
            y2={335}
          />
          <line
            fill="none"
            height={660}
            offset={
              Object {
                "bottom": 35,
                "brushBottom": 35,
                "height": 660,
                "left": 80,
                "right": 30,
                "top": 5,
                "width": 1590,
              }
            }
            stroke="#ccc"
            width={1590}
            x={80}
            x1={80}
            x2={1670}
            y={5}
            y1={170}
            y2={170}
          />
          <line
            fill="none"
            height={660}
            offset={
              Object {
                "bottom": 35,
                "brushBottom": 35,
                "height": 660,
                "left": 80,
                "right": 30,
                "top": 5,
                "width": 1590,
              }
            }
            stroke="#ccc"
            width={1590}
            x={80}
            x1={80}
            x2={1670}
            y={5}
            y1={5}
            y2={5}
          />
        </g>
        <g
          className="recharts-cartesian-grid-vertical"
        >
          <line
            fill="none"
            height={660}
            offset={
              Object {
                "bottom": 35,
                "brushBottom": 35,
                "height": 660,
                "left": 80,
                "right": 30,
                "top": 5,
                "width": 1590,
              }
            }
            stroke="#ccc"
            width={1590}
            x={80}
            x1={80}
            x2={80}
            y={5}
            y1={5}
            y2={665}
          />
          <line
            fill="none"
            height={660}
            offset={
              Object {
                "bottom": 35,
                "brushBottom": 35,
                "height": 660,
                "left": 80,
                "right": 30,
                "top": 5,
                "width": 1590,
              }
            }
            stroke="#ccc"
            width={1590}
            x={80}
            x1={256.66666666666663}
            x2={256.66666666666663}
            y={5}
            y1={5}
            y2={665}
          />
          <line
            fill="none"
            height={660}
            offset={
              Object {
                "bottom": 35,
                "brushBottom": 35,
                "height": 660,
                "left": 80,
                "right": 30,
                "top": 5,
                "width": 1590,
              }
            }
            stroke="#ccc"
            width={1590}
            x={80}
            x1={433.3333333333333}
            x2={433.3333333333333}
            y={5}
            y1={5}
            y2={665}
          />
          <line
            fill="none"
            height={660}
            offset={
              Object {
                "bottom": 35,
                "brushBottom": 35,
                "height": 660,
                "left": 80,
                "right": 30,
                "top": 5,
                "width": 1590,
              }
            }
            stroke="#ccc"
            width={1590}
            x={80}
            x1={610}
            x2={610}
            y={5}
            y1={5}
            y2={665}
          />
          <line
            fill="none"
            height={660}
            offset={
              Object {
                "bottom": 35,
                "brushBottom": 35,
                "height": 660,
                "left": 80,
                "right": 30,
                "top": 5,
                "width": 1590,
              }
            }
            stroke="#ccc"
            width={1590}
            x={80}
            x1={786.6666666666666}
            x2={786.6666666666666}
            y={5}
            y1={5}
            y2={665}
          />
          <line
            fill="none"
            height={660}
            offset={
              Object {
                "bottom": 35,
                "brushBottom": 35,
                "height": 660,
                "left": 80,
                "right": 30,
                "top": 5,
                "width": 1590,
              }
            }
            stroke="#ccc"
            width={1590}
            x={80}
            x1={963.3333333333333}
            x2={963.3333333333333}
            y={5}
            y1={5}
            y2={665}
          />
          <line
            fill="none"
            height={660}
            offset={
              Object {
                "bottom": 35,
                "brushBottom": 35,
                "height": 660,
                "left": 80,
                "right": 30,
                "top": 5,
                "width": 1590,
              }
            }
            stroke="#ccc"
            width={1590}
            x={80}
            x1={1140}
            x2={1140}
            y={5}
            y1={5}
            y2={665}
          />
          <line
            fill="none"
            height={660}
            offset={
              Object {
                "bottom": 35,
                "brushBottom": 35,
                "height": 660,
                "left": 80,
                "right": 30,
                "top": 5,
                "width": 1590,
              }
            }
            stroke="#ccc"
            width={1590}
            x={80}
            x1={1316.6666666666665}
            x2={1316.6666666666665}
            y={5}
            y1={5}
            y2={665}
          />
          <line
            fill="none"
            height={660}
            offset={
              Object {
                "bottom": 35,
                "brushBottom": 35,
                "height": 660,
                "left": 80,
                "right": 30,
                "top": 5,
                "width": 1590,
              }
            }
            stroke="#ccc"
            width={1590}
            x={80}
            x1={1493.3333333333333}
            x2={1493.3333333333333}
            y={5}
            y1={5}
            y2={665}
          />
          <line
            fill="none"
            height={660}
            offset={
              Object {
                "bottom": 35,
                "brushBottom": 35,
                "height": 660,
                "left": 80,
                "right": 30,
                "top": 5,
                "width": 1590,
              }
            }
            stroke="#ccc"
            width={1590}
            x={80}
            x1={1670}
            x2={1670}
            y={5}
            y1={5}
            y2={665}
          />
        </g>
      </g>
      <g
        className="recharts-layer recharts-cartesian-axis recharts-xAxis xAxis"
      >
        <line
          className="recharts-cartesian-axis-line"
          fill="none"
          height={30}
          orientation="bottom"
          stroke="#666"
          type="category"
          width={1590}
          x={80}
          x1={80}
          x2={1670}
          y={665}
          y1={665}
          y2={665}
        />
        <g
          className="recharts-cartesian-axis-ticks"
        >
          <g
            className="recharts-layer recharts-cartesian-axis-tick"
          >
            <line
              className="recharts-cartesian-axis-tick-line"
              fill="none"
              height={30}
              orientation="bottom"
              stroke="#666"
              type="category"
              width={1590}
              x={80}
              x1={80}
              x2={80}
              y={665}
              y1={671}
              y2={665}
            />
            <text
              className="recharts-text recharts-cartesian-axis-tick-value"
              fill="#666"
              height={30}
              orientation="bottom"
              stroke="none"
              textAnchor="middle"
              type="category"
              width={1590}
              x={80}
              y={673}
            >
              <tspan
                dy="0.71em"
                x={80}
              >
                1000
              </tspan>
            </text>
          </g>
          <g
            className="recharts-layer recharts-cartesian-axis-tick"
          >
            <line
              className="recharts-cartesian-axis-tick-line"
              fill="none"
              height={30}
              orientation="bottom"
              stroke="#666"
              type="category"
              width={1590}
              x={80}
              x1={256.66666666666663}
              x2={256.66666666666663}
              y={665}
              y1={671}
              y2={665}
            />
            <text
              className="recharts-text recharts-cartesian-axis-tick-value"
              fill="#666"
              height={30}
              orientation="bottom"
              stroke="none"
              textAnchor="middle"
              type="category"
              width={1590}
              x={256.66666666666663}
              y={673}
            >
              <tspan
                dy="0.71em"
                x={256.66666666666663}
              >
                2000
              </tspan>
            </text>
          </g>
          <g
            className="recharts-layer recharts-cartesian-axis-tick"
          >
            <line
              className="recharts-cartesian-axis-tick-line"
              fill="none"
              height={30}
              orientation="bottom"
              stroke="#666"
              type="category"
              width={1590}
              x={80}
              x1={433.3333333333333}
              x2={433.3333333333333}
              y={665}
              y1={671}
              y2={665}
            />
            <text
              className="recharts-text recharts-cartesian-axis-tick-value"
              fill="#666"
              height={30}
              orientation="bottom"
              stroke="none"
              textAnchor="middle"
              type="category"
              width={1590}
              x={433.3333333333333}
              y={673}
            >
              <tspan
                dy="0.71em"
                x={433.3333333333333}
              >
                3000
              </tspan>
            </text>
          </g>
          <g
            className="recharts-layer recharts-cartesian-axis-tick"
          >
            <line
              className="recharts-cartesian-axis-tick-line"
              fill="none"
              height={30}
              orientation="bottom"
              stroke="#666"
              type="category"
              width={1590}
              x={80}
              x1={610}
              x2={610}
              y={665}
              y1={671}
              y2={665}
            />
            <text
              className="recharts-text recharts-cartesian-axis-tick-value"
              fill="#666"
              height={30}
              orientation="bottom"
              stroke="none"
              textAnchor="middle"
              type="category"
              width={1590}
              x={610}
              y={673}
            >
              <tspan
                dy="0.71em"
                x={610}
              >
                4000
              </tspan>
            </text>
          </g>
          <g
            className="recharts-layer recharts-cartesian-axis-tick"
          >
            <line
              className="recharts-cartesian-axis-tick-line"
              fill="none"
              height={30}
              orientation="bottom"
              stroke="#666"
              type="category"
              width={1590}
              x={80}
              x1={786.6666666666666}
              x2={786.6666666666666}
              y={665}
              y1={671}
              y2={665}
            />
            <text
              className="recharts-text recharts-cartesian-axis-tick-value"
              fill="#666"
              height={30}
              orientation="bottom"
              stroke="none"
              textAnchor="middle"
              type="category"
              width={1590}
              x={786.6666666666666}
              y={673}
            >
              <tspan
                dy="0.71em"
                x={786.6666666666666}
              >
                5000
              </tspan>
            </text>
          </g>
          <g
            className="recharts-layer recharts-cartesian-axis-tick"
          >
            <line
              className="recharts-cartesian-axis-tick-line"
              fill="none"
              height={30}
              orientation="bottom"
              stroke="#666"
              type="category"
              width={1590}
              x={80}
              x1={963.3333333333333}
              x2={963.3333333333333}
              y={665}
              y1={671}
              y2={665}
            />
            <text
              className="recharts-text recharts-cartesian-axis-tick-value"
              fill="#666"
              height={30}
              orientation="bottom"
              stroke="none"
              textAnchor="middle"
              type="category"
              width={1590}
              x={963.3333333333333}
              y={673}
            >
              <tspan
                dy="0.71em"
                x={963.3333333333333}
              >
                6000
              </tspan>
            </text>
          </g>
          <g
            className="recharts-layer recharts-cartesian-axis-tick"
          >
            <line
              className="recharts-cartesian-axis-tick-line"
              fill="none"
              height={30}
              orientation="bottom"
              stroke="#666"
              type="category"
              width={1590}
              x={80}
              x1={1140}
              x2={1140}
              y={665}
              y1={671}
              y2={665}
            />
            <text
              className="recharts-text recharts-cartesian-axis-tick-value"
              fill="#666"
              height={30}
              orientation="bottom"
              stroke="none"
              textAnchor="middle"
              type="category"
              width={1590}
              x={1140}
              y={673}
            >
              <tspan
                dy="0.71em"
                x={1140}
              >
                7000
              </tspan>
            </text>
          </g>
          <g
            className="recharts-layer recharts-cartesian-axis-tick"
          >
            <line
              className="recharts-cartesian-axis-tick-line"
              fill="none"
              height={30}
              orientation="bottom"
              stroke="#666"
              type="category"
              width={1590}
              x={80}
              x1={1316.6666666666665}
              x2={1316.6666666666665}
              y={665}
              y1={671}
              y2={665}
            />
            <text
              className="recharts-text recharts-cartesian-axis-tick-value"
              fill="#666"
              height={30}
              orientation="bottom"
              stroke="none"
              textAnchor="middle"
              type="category"
              width={1590}
              x={1316.6666666666665}
              y={673}
            >
              <tspan
                dy="0.71em"
                x={1316.6666666666665}
              >
                8000
              </tspan>
            </text>
          </g>
          <g
            className="recharts-layer recharts-cartesian-axis-tick"
          >
            <line
              className="recharts-cartesian-axis-tick-line"
              fill="none"
              height={30}
              orientation="bottom"
              stroke="#666"
              type="category"
              width={1590}
              x={80}
              x1={1493.3333333333333}
              x2={1493.3333333333333}
              y={665}
              y1={671}
              y2={665}
            />
            <text
              className="recharts-text recharts-cartesian-axis-tick-value"
              fill="#666"
              height={30}
              orientation="bottom"
              stroke="none"
              textAnchor="middle"
              type="category"
              width={1590}
              x={1493.3333333333333}
              y={673}
            >
              <tspan
                dy="0.71em"
                x={1493.3333333333333}
              >
                9000
              </tspan>
            </text>
          </g>
          <g
            className="recharts-layer recharts-cartesian-axis-tick"
          >
            <line
              className="recharts-cartesian-axis-tick-line"
              fill="none"
              height={30}
              orientation="bottom"
              stroke="#666"
              type="category"
              width={1590}
              x={80}
              x1={1670}
              x2={1670}
              y={665}
              y1={671}
              y2={665}
            />
            <text
              className="recharts-text recharts-cartesian-axis-tick-value"
              fill="#666"
              height={30}
              orientation="bottom"
              stroke="none"
              textAnchor="middle"
              type="category"
              width={1590}
              x={1670}
              y={673}
            >
              <tspan
                dy="0.71em"
                x={1670}
              >
                10000
              </tspan>
            </text>
          </g>
        </g>
      </g>
      <g
        className="recharts-layer recharts-cartesian-axis recharts-yAxis yAxis"
      >
        <line
          className="recharts-cartesian-axis-line"
          fill="none"
          height={660}
          orientation="left"
          stroke="#666"
          type="number"
          width={60}
          x={20}
          x1={80}
          x2={80}
          y={5}
          y1={5}
          y2={665}
        />
        <g
          className="recharts-cartesian-axis-ticks"
        >
          <g
            className="recharts-layer recharts-cartesian-axis-tick"
          >
            <line
              className="recharts-cartesian-axis-tick-line"
              fill="none"
              height={660}
              orientation="left"
              stroke="#666"
              type="number"
              width={60}
              x={20}
              x1={74}
              x2={80}
              y={5}
              y1={665}
              y2={665}
            />
            <text
              className="recharts-text recharts-cartesian-axis-tick-value"
              fill="#666"
              height={660}
              orientation="left"
              stroke="none"
              textAnchor="end"
              type="number"
              width={60}
              x={72}
              y={665}
            >
              <tspan
                dy="0.355em"
                x={72}
              >
                0
              </tspan>
            </text>
          </g>
          <g
            className="recharts-layer recharts-cartesian-axis-tick"
          >
            <line
              className="recharts-cartesian-axis-tick-line"
              fill="none"
              height={660}
              orientation="left"
              stroke="#666"
              type="number"
              width={60}
              x={20}
              x1={74}
              x2={80}
              y={5}
              y1={500}
              y2={500}
            />
            <text
              className="recharts-text recharts-cartesian-axis-tick-value"
              fill="#666"
              height={660}
              orientation="left"
              stroke="none"
              textAnchor="end"
              type="number"
              width={60}
              x={72}
              y={500}
            >
              <tspan
                dy="0.355em"
                x={72}
              >
                150
              </tspan>
            </text>
          </g>
          <g
            className="recharts-layer recharts-cartesian-axis-tick"
          >
            <line
              className="recharts-cartesian-axis-tick-line"
              fill="none"
              height={660}
              orientation="left"
              stroke="#666"
              type="number"
              width={60}
              x={20}
              x1={74}
              x2={80}
              y={5}
              y1={335}
              y2={335}
            />
            <text
              className="recharts-text recharts-cartesian-axis-tick-value"
              fill="#666"
              height={660}
              orientation="left"
              stroke="none"
              textAnchor="end"
              type="number"
              width={60}
              x={72}
              y={335}
            >
              <tspan
                dy="0.355em"
                x={72}
              >
                300
              </tspan>
            </text>
          </g>
          <g
            className="recharts-layer recharts-cartesian-axis-tick"
          >
            <line
              className="recharts-cartesian-axis-tick-line"
              fill="none"
              height={660}
              orientation="left"
              stroke="#666"
              type="number"
              width={60}
              x={20}
              x1={74}
              x2={80}
              y={5}
              y1={170}
              y2={170}
            />
            <text
              className="recharts-text recharts-cartesian-axis-tick-value"
              fill="#666"
              height={660}
              orientation="left"
              stroke="none"
              textAnchor="end"
              type="number"
              width={60}
              x={72}
              y={170}
            >
              <tspan
                dy="0.355em"
                x={72}
              >
                450
              </tspan>
            </text>
          </g>
          <g
            className="recharts-layer recharts-cartesian-axis-tick"
          >
            <line
              className="recharts-cartesian-axis-tick-line"
              fill="none"
              height={660}
              orientation="left"
              stroke="#666"
              type="number"
              width={60}
              x={20}
              x1={74}
              x2={80}
              y={5}
              y1={5}
              y2={5}
            />
            <text
              className="recharts-text recharts-cartesian-axis-tick-value"
              fill="#666"
              height={660}
              orientation="left"
              stroke="none"
              textAnchor="end"
              type="number"
              width={60}
              x={72}
              y={5}
            >
              <tspan
                dy="0.355em"
                x={72}
              >
                600
              </tspan>
            </text>
          </g>
        </g>
      </g>
      <g
        className="recharts-layer recharts-line"
      >
        <path
          className="recharts-curve recharts-line-curve"
          clipPath={null}
          d="M80,555.0000000000001C138.88888888888889,518.3333333333334,197.77777777777774,481.66666666666674,256.66666666666663,445.00000000000006C315.55555555555554,408.33333333333337,374.4444444444444,371.6666666666667,433.3333333333333,335C492.22222222222223,298.3333333333333,551.1111111111111,261.6666666666667,610,225.00000000000003C668.8888888888889,188.33333333333337,727.7777777777777,114.99999999999999,786.6666666666666,114.99999999999999C845.5555555555555,114.99999999999999,904.4444444444443,177.33333333333337,963.3333333333333,203.00000000000003C1022.2222222222222,228.6666666666667,1081.111111111111,269,1140,269C1198.888888888889,269,1257.7777777777776,225.00000000000003,1316.6666666666665,225.00000000000003C1375.5555555555554,225.00000000000003,1434.4444444444443,298.3333333333333,1493.3333333333333,335C1552.2222222222222,371.6666666666667,1611.111111111111,408.33333333333337,1670,445.00000000000006"
          fill="none"
          height={660}
          points={
            Array [
              Object {
                "payload": Object {
                  "millisecondOffset": 1000,
                  "power": 100,
                },
                "value": 100,
                "x": 80,
                "y": 555.0000000000001,
              },
              Object {
                "payload": Object {
                  "millisecondOffset": 2000,
                  "power": 200,
                },
                "value": 200,
                "x": 256.66666666666663,
                "y": 445.00000000000006,
              },
              Object {
                "payload": Object {
                  "millisecondOffset": 3000,
                  "power": 300,
                },
                "value": 300,
                "x": 433.3333333333333,
                "y": 335,
              },
              Object {
                "payload": Object {
                  "millisecondOffset": 4000,
                  "power": 400,
                },
                "value": 400,
                "x": 610,
                "y": 225.00000000000003,
              },
              Object {
                "payload": Object {
                  "millisecondOffset": 5000,
                  "power": 500,
                },
                "value": 500,
                "x": 786.6666666666666,
                "y": 114.99999999999999,
              },
              Object {
                "payload": Object {
                  "millisecondOffset": 6000,
                  "power": 420,
                },
                "value": 420,
                "x": 963.3333333333333,
                "y": 203.00000000000003,
              },
              Object {
                "payload": Object {
                  "millisecondOffset": 7000,
                  "power": 360,
                },
                "value": 360,
                "x": 1140,
                "y": 269,
              },
              Object {
                "payload": Object {
                  "millisecondOffset": 8000,
                  "power": 400,
                },
                "value": 400,
                "x": 1316.6666666666665,
                "y": 225.00000000000003,
              },
              Object {
                "payload": Object {
                  "millisecondOffset": 9000,
                  "power": 300,
                },
                "value": 300,
                "x": 1493.3333333333333,
                "y": 335,
              },
              Object {
                "payload": Object {
                  "millisecondOffset": 10000,
                  "power": 200,
                },
                "value": 200,
                "x": 1670,
                "y": 445.00000000000006,
              },
            ]
          }
          stroke="#8884d8"
          strokeDasharray="0px 0px"
          strokeWidth={1}
          type="monotone"
          width={1590}
        />
      </g>
    </svg>
    <div
      className="recharts-tooltip-wrapper"
      style={
        Object {
          "MozTransform": "translate(undefinedpx, undefinedpx)",
          "OTransform": "translate(undefinedpx, undefinedpx)",
          "WebkitTransform": "translate(undefinedpx, undefinedpx)",
          "left": 0,
          "msTransform": "translate(undefinedpx, undefinedpx)",
          "pointerEvents": "none",
          "position": "absolute",
          "top": 0,
          "transform": "translate(undefinedpx, undefinedpx)",
          "visibility": "hidden",
        }
      }
    >
      <div
        className="recharts-default-tooltip"
        style={
          Object {
            "backgroundColor": "#fff",
            "border": "1px solid #ccc",
            "margin": 0,
            "padding": 10,
            "whiteSpace": "nowrap",
          }
        }
      >
        <p
          className="recharts-tooltip-label"
          style={
            Object {
              "margin": 0,
            }
          }
        >
          
        </p>
      </div>
    </div>
  </div>
  <h3
    data-testid="axisInfo"
  >
    X-Axis: Milliseconds | Y-Axis: Power Output
  </h3>
</div>
`;
