// Jest Snapshot v1, https://goo.gl/fbAQLP

exports[`PowerOutputChart component matches snapshot 1`] = `
Array [
  <div
    className="recharts-responsive-container"
    style={
      Object {
        "height": "100%",
        "maxHeight": undefined,
        "minHeight": undefined,
        "minWidth": undefined,
        "width": "100%",
      }
    }
  />,
  <h3
    data-testid="axisInfo"
  >
    X-Axis: Milliseconds | Y-Axis: Power Output
  </h3>,
]
`;
